/home/francesco/Develop/Javanile/mush/src/main.sh
/home/francesco/Develop/Javanile/mush/src/api/module.sh
/home/francesco/Develop/Javanile/mush/src/api/embed_2022.sh
/home/francesco/Develop/Javanile/mush/src/build/module.sh
/home/francesco/Develop/Javanile/mush/src/build/profile.sh
/home/francesco/Develop/Javanile/mush/src/build/script.sh
/home/francesco/Develop/Javanile/mush/src/collections/module.sh
/home/francesco/Develop/Javanile/mush/src/color.sh
/home/francesco/Develop/Javanile/mush/src/commands/module.sh
/home/francesco/Develop/Javanile/mush/src/commands/add.sh
/home/francesco/Develop/Javanile/mush/src/commands/build.sh
/home/francesco/Develop/Javanile/mush/src/commands/check.sh
/home/francesco/Develop/Javanile/mush/src/commands/fetch.sh
/home/francesco/Develop/Javanile/mush/src/commands/init.sh
/home/francesco/Develop/Javanile/mush/src/commands/install.sh
/home/francesco/Develop/Javanile/mush/src/commands/legacy.sh
/home/francesco/Develop/Javanile/mush/src/commands/metadata.sh
/home/francesco/Develop/Javanile/mush/src/commands/new.sh
/home/francesco/Develop/Javanile/mush/src/commands/run.sh
/home/francesco/Develop/Javanile/mush/src/commands/pkgid.sh
/home/francesco/Develop/Javanile/mush/src/commands/publish.sh
/home/francesco/Develop/Javanile/mush/src/commands/read_manifest.sh
/home/francesco/Develop/Javanile/mush/src/commands/search.sh
/home/francesco/Develop/Javanile/mush/src/commands/test.sh
/home/francesco/Develop/Javanile/mush/src/commands/uninstall.sh
/home/francesco/Develop/Javanile/mush/src/commands/info.sh
/home/francesco/Develop/Javanile/mush/src/commands/index.sh
/home/francesco/Develop/Javanile/mush/src/errors/module.sh
/home/francesco/Develop/Javanile/mush/src/features/module.sh
/home/francesco/Develop/Javanile/mush/src/package_managers/module.sh
/home/francesco/Develop/Javanile/mush/src/package_managers/apt.sh
/home/francesco/Develop/Javanile/mush/src/package_managers/basher.sh
/home/francesco/Develop/Javanile/mush/src/package_managers/bpkg.sh
/home/francesco/Develop/Javanile/mush/src/package_managers/brew.sh
/home/francesco/Develop/Javanile/mush/src/package_managers/git.sh
/home/francesco/Develop/Javanile/mush/src/package_managers/mush.sh
/home/francesco/Develop/Javanile/mush/src/package_managers/pacman.sh
/home/francesco/Develop/Javanile/mush/src/package_managers/pip.sh
/home/francesco/Develop/Javanile/mush/src/package_managers/path.sh
/home/francesco/Develop/Javanile/mush/src/package_managers/yum.sh
/home/francesco/Develop/Javanile/mush/src/registry/module.sh
/home/francesco/Develop/Javanile/mush/src/registry/github.sh
/home/francesco/Develop/Javanile/mush/src/registry/index.sh
/home/francesco/Develop/Javanile/mush/src/tasks/module.sh
/home/francesco/Develop/Javanile/mush/src/tasks/build_debug.sh
/home/francesco/Develop/Javanile/mush/src/tasks/build_release.sh
/home/francesco/Develop/Javanile/mush/src/tasks/build_test.sh
/home/francesco/Develop/Javanile/mush/src/tasks/init.sh
/home/francesco/Develop/Javanile/mush/src/tasks/install.sh
/home/francesco/Develop/Javanile/mush/src/tasks/legacy_fetch.sh
/home/francesco/Develop/Javanile/mush/src/tasks/legacy_build.sh
/home/francesco/Develop/Javanile/mush/src/tasks/manifest_lookup.sh
/home/francesco/Develop/Javanile/mush/src/tasks/compile.sh
/home/francesco/Develop/Javanile/mush/src/tasks/publish.sh
/home/francesco/Develop/Javanile/mush/src/tasks/plugin.sh
/home/francesco/Develop/Javanile/mush/src/tasks/dependencies.sh
/home/francesco/Develop/Javanile/mush/src/tasks/uninstall.sh
/home/francesco/Develop/Javanile/mush/src/env.sh
/home/francesco/Develop/Javanile/mush/src/polyfill.sh
